
Configuration:
  Unity: from default
  Project: auto-detect
  Reward lambda: 0.02
  Total timesteps: 2,000,000
  Target win rate: 75%


================================================================================
Run: tide_ppo_beat_simpleai__42__1788856494
Target: Win Rate > 75% vs SimpleAI
================================================================================

Creating 4 environments...
Traceback (most recent call last):
  File "E:\UnityProject\Tide\tide_rl\train_tide_complete.py", line 531, in <module>
    train(args)
  File "E:\UnityProject\Tide\tide_rl\train_tide_complete.py", line 259, in train
    envs = [make_tide_env(
  File "E:\UnityProject\Tide\tide_rl\train_tide_complete.py", line 259, in <listcomp>
    envs = [make_tide_env(
  File "E:\UnityProject\Tide\tide_rl\tide_env.py", line 296, in make_tide_env
    return TideEnv(**kwargs)
  File "E:\UnityProject\Tide\tide_rl\tide_env.py", line 64, in __init__
    self.unity_path = unity_path or self._find_unity()
  File "E:\UnityProject\Tide\tide_rl\tide_env.py", line 106, in _find_unity
    raise FileNotFoundError(
FileNotFoundError: Unity.exe not found. Set UNITY_PATH env var or pass unity_path arg.
Exception ignored in: <function TideEnv.__del__ at 0x0000021F43CCC940>
Traceback (most recent call last):
  File "E:\UnityProject\Tide\tide_rl\tide_env.py", line 291, in __del__
    self.close()
  File "E:\UnityProject\Tide\tide_rl\tide_env.py", line 285, in close
    if self.process is not None:
AttributeError: 'TideEnv' object has no attribute 'process'
